---
http_interactions:
- request:
    method: put
    uri: https://us1.api.mailchimp.com/3.0/ecommerce/stores/dummy-store-id/products/1/variants/1
    body:
      encoding: UTF-8
      string: '{"id":"1","title":"Product #1 - 9225","sku":"SKU-1","price":19.99,"visibility":"true","url":"http://www.example.com/products/product-1-9225"}'
    headers:
      Authorization:
      - Basic <OMITTED AUTH HEADER>
      Connection:
      - close
      Content-Type:
      - application/json; charset=UTF-8
      Host:
      - us1.api.mailchimp.com
      User-Agent:
      - http.rb/2.0.3
  response:
    status:
      code: 200
      message: OK
    headers:
      Server:
      - nginx
      Content-Type:
      - application/json; charset=utf-8
      Content-Length:
      - '1333'
      Vary:
      - Accept-Encoding
      X-Request-Id:
      - 5f372be1-2c34-43b5-b139-f37f59023f46
      Link:
      - <https://us1.api.mailchimp.com/schema/3.0/Ecommerce/Stores/Products/Variants/Instance.json>;
        rel="describedBy"
      Date:
      - Mon, 15 Aug 2016 19:11:36 GMT
      Connection:
      - close
      Set-Cookie:
      - _AVESTA_ENVIRONMENT=prod; path=/
    body:
      encoding: UTF-8
      string: '{"id":"1","title":"Product #1 - 9225","url":"http://www.example.com/products/product-1-9225","sku":"SKU-1","price":19.99,"inventory_quantity":0,"image_url":"","backorders":"","visibility":"true","created_at":"2016-08-15T19:11:36+00:00","updated_at":"2016-08-15T19:11:36+00:00","_links":[{"rel":"self","href":"https://us1.api.mailchimp.com/3.0/ecommerce/stores/dummy-store-id/products/1/variants/1","method":"GET","targetSchema":"https://us1.api.mailchimp.com/schema/3.0/Ecommerce/Stores/Products/Variants/Instance.json"},{"rel":"parent","href":"https://us1.api.mailchimp.com/3.0/ecommerce/stores/dummy-store-id/products/1","method":"GET","targetSchema":"https://us1.api.mailchimp.com/schema/3.0/Ecommerce/Stores/Products/Collection.json"},{"rel":"update","href":"https://us1.api.mailchimp.com/3.0/ecommerce/stores/dummy-store-id/products/1/variants/1","method":"PATCH","schema":"https://us1.api.mailchimp.com/schema/3.0/Ecommerce/Stores/Products/Variants/Instance.json"},{"rel":"upsert","href":"https://us1.api.mailchimp.com/3.0/ecommerce/stores/dummy-store-id/products/1/variants/1","method":"PUT","schema":"https://us1.api.mailchimp.com/schema/3.0/Ecommerce/Stores/Products/Variants/Instance.json"},{"rel":"delete","href":"https://us1.api.mailchimp.com/3.0/ecommerce/stores/dummy-store-id/products/1/variants/1","method":"DELETE"}]}'
  recorded_at: Mon, 15 Aug 2016 19:11:36 GMT
- request:
    method: delete
    uri: https://us1.api.mailchimp.com/3.0/ecommerce/stores/dummy-store-id/orders/1
    body:
      encoding: US-ASCII
      string: ''
    headers:
      Authorization:
      - Basic <OMITTED AUTH HEADER>
      Connection:
      - close
      Host:
      - us1.api.mailchimp.com
      User-Agent:
      - http.rb/2.0.3
  response:
    status:
      code: 404
      message: Not Found
    headers:
      Server:
      - nginx
      Content-Type:
      - application/problem+json; charset=utf-8
      Content-Length:
      - '198'
      X-Request-Id:
      - 601af2ba-5c97-4d8f-9ca6-f36ccf12dcd7
      Link:
      - <https://us1.api.mailchimp.com/schema/3.0/ProblemDetailDocument.json>; rel="describedBy"
      Date:
      - Mon, 15 Aug 2016 19:11:38 GMT
      Connection:
      - close
      Set-Cookie:
      - _AVESTA_ENVIRONMENT=prod; path=/
    body:
      encoding: UTF-8
      string: '{"type":"http://developer.mailchimp.com/documentation/mailchimp/guides/error-glossary/","title":"Resource
        Not Found","status":404,"detail":"The requested resource could not be found.","instance":""}'
  recorded_at: Mon, 15 Aug 2016 19:11:38 GMT
- request:
    method: put
    uri: https://us1.api.mailchimp.com/3.0/ecommerce/stores/dummy-store-id/customers/1-test-order-synchronizer-at-friendsoftheweb.org
    body:
      encoding: UTF-8
      string: '{"id":"1-test-order-synchronizer-at-friendsoftheweb.org","email_address":"test-order-synchronizer@friendsoftheweb.org","opt_in_status":false}'
    headers:
      Authorization:
      - Basic <OMITTED AUTH HEADER>
      Connection:
      - close
      Content-Type:
      - application/json; charset=UTF-8
      Host:
      - us1.api.mailchimp.com
      User-Agent:
      - http.rb/2.0.3
  response:
    status:
      code: 200
      message: OK
    headers:
      Server:
      - nginx
      Content-Type:
      - application/json; charset=utf-8
      Content-Length:
      - '1611'
      Vary:
      - Accept-Encoding
      X-Request-Id:
      - e42fb522-0eb1-4958-bdb4-8f88fbfec4a9
      Link:
      - <https://us1.api.mailchimp.com/schema/3.0/Ecommerce/Stores/Customers/Instance.json>;
        rel="describedBy"
      Date:
      - Mon, 15 Aug 2016 19:11:39 GMT
      Connection:
      - close
      Set-Cookie:
      - _AVESTA_ENVIRONMENT=prod; path=/
    body:
      encoding: UTF-8
      string: '{"id":"1-test-order-synchronizer-at-friendsoftheweb.org","email_address":"test-order-synchronizer@friendsoftheweb.org","opt_in_status":false,"company":"","first_name":"","last_name":"","orders_count":0,"total_spent":0,"address":{"address1":"","address2":"","city":"","province":"","province_code":"","postal_code":"","country":"","country_code":""},"created_at":"2016-08-15T19:11:39+00:00","updated_at":"2016-08-15T19:11:39+00:00","_links":[{"rel":"self","href":"https://us1.api.mailchimp.com/3.0/ecommerce/stores/dummy-store-id/customers/1-test-order-synchronizer-at-friendsoftheweb.org","method":"GET","targetSchema":"https://us1.api.mailchimp.com/schema/3.0/Ecommerce/Stores/Customers/Instance.json"},{"rel":"parent","href":"https://us1.api.mailchimp.com/3.0/ecommerce/stores/dummy-store-id/customers","method":"GET","targetSchema":"https://us1.api.mailchimp.com/schema/3.0/Ecommerce/Stores/Customers/Collection.json"},{"rel":"update","href":"https://us1.api.mailchimp.com/3.0/ecommerce/stores/dummy-store-id/customers/1-test-order-synchronizer-at-friendsoftheweb.org","method":"PATCH","schema":"https://us1.api.mailchimp.com/schema/3.0/Ecommerce/Stores/Customers/Instance.json"},{"rel":"upsert","href":"https://us1.api.mailchimp.com/3.0/ecommerce/stores/dummy-store-id/customers/1-test-order-synchronizer-at-friendsoftheweb.org","method":"PUT","schema":"https://us1.api.mailchimp.com/schema/3.0/Ecommerce/Stores/Customers/Instance.json"},{"rel":"delete","href":"https://us1.api.mailchimp.com/3.0/ecommerce/stores/dummy-store-id/customers/1-test-order-synchronizer-at-friendsoftheweb.org","method":"DELETE"}]}'
  recorded_at: Mon, 15 Aug 2016 19:11:39 GMT
- request:
    method: delete
    uri: https://us1.api.mailchimp.com/3.0/ecommerce/stores/dummy-store-id/carts/1
    body:
      encoding: US-ASCII
      string: ''
    headers:
      Authorization:
      - Basic <OMITTED AUTH HEADER>
      Connection:
      - close
      Host:
      - us1.api.mailchimp.com
      User-Agent:
      - http.rb/2.0.3
  response:
    status:
      code: 404
      message: Not Found
    headers:
      Server:
      - nginx
      Content-Type:
      - application/problem+json; charset=utf-8
      Content-Length:
      - '198'
      X-Request-Id:
      - 9916b8c5-1f1c-4188-a696-0fc5b22cf5ad
      Link:
      - <https://us1.api.mailchimp.com/schema/3.0/ProblemDetailDocument.json>; rel="describedBy"
      Date:
      - Mon, 15 Aug 2016 19:11:39 GMT
      Connection:
      - close
      Set-Cookie:
      - _AVESTA_ENVIRONMENT=prod; path=/
    body:
      encoding: UTF-8
      string: '{"type":"http://developer.mailchimp.com/documentation/mailchimp/guides/error-glossary/","title":"Resource
        Not Found","status":404,"detail":"The requested resource could not be found.","instance":""}'
  recorded_at: Mon, 15 Aug 2016 19:11:39 GMT
- request:
    method: post
    uri: https://us1.api.mailchimp.com/3.0/ecommerce/stores/dummy-store-id/orders
    body:
      encoding: UTF-8
      string: '{"id":"1","customer":{"id":"1-test-order-synchronizer-at-friendsoftheweb.org"},"currency_code":"USD","order_total":25.0,"tax_total":0.0,"lines":[{"id":"1","product_id":"1","product_variant_id":"1","quantity":1,"price":10.0}],"processed_at_foreign":"2016-05-05T05:10:10Z","shipping_total":"15.0"}'
    headers:
      Authorization:
      - Basic <OMITTED AUTH HEADER>
      Connection:
      - close
      Content-Type:
      - application/json; charset=UTF-8
      Host:
      - us1.api.mailchimp.com
      User-Agent:
      - http.rb/2.0.3
  response:
    status:
      code: 200
      message: OK
    headers:
      Server:
      - nginx
      Content-Type:
      - application/json; charset=utf-8
      Content-Length:
      - '3607'
      Vary:
      - Accept-Encoding
      X-Request-Id:
      - 1f96fc85-cea2-4b1c-8717-c5a7732d8e3c
      Link:
      - <https://us1.api.mailchimp.com/schema/3.0/Ecommerce/Stores/Orders/Instance.json>;
        rel="describedBy"
      Date:
      - Mon, 15 Aug 2016 19:11:40 GMT
      Connection:
      - close
      Set-Cookie:
      - _AVESTA_ENVIRONMENT=prod; path=/
    body:
      encoding: UTF-8
      string: '{"id":"1","customer":{"id":"1-test-order-synchronizer-at-friendsoftheweb.org","email_address":"test-order-synchronizer@friendsoftheweb.org","opt_in_status":false,"company":"","first_name":"","last_name":"","orders_count":0,"total_spent":0,"address":{"address1":"","address2":"","city":"","province":"","province_code":"","postal_code":"","country":"","country_code":""},"created_at":"2016-08-15T19:11:39+00:00","updated_at":"2016-08-15T19:11:39+00:00","_links":[{"rel":"self","href":"https://us1.api.mailchimp.com/3.0/ecommerce/stores/dummy-store-id/customers/1-test-order-synchronizer-at-friendsoftheweb.org","method":"GET","targetSchema":"https://us1.api.mailchimp.com/schema/3.0/Ecommerce/Stores/Customers/Instance.json"},{"rel":"parent","href":"https://us1.api.mailchimp.com/3.0/ecommerce/stores/dummy-store-id/customers","method":"GET","targetSchema":"https://us1.api.mailchimp.com/schema/3.0/Ecommerce/Stores/Customers/Collection.json"},{"rel":"update","href":"https://us1.api.mailchimp.com/3.0/ecommerce/stores/dummy-store-id/customers/1-test-order-synchronizer-at-friendsoftheweb.org","method":"PATCH","schema":"https://us1.api.mailchimp.com/schema/3.0/Ecommerce/Stores/Customers/Instance.json"},{"rel":"upsert","href":"https://us1.api.mailchimp.com/3.0/ecommerce/stores/dummy-store-id/customers/1-test-order-synchronizer-at-friendsoftheweb.org","method":"PUT","schema":"https://us1.api.mailchimp.com/schema/3.0/Ecommerce/Stores/Customers/Instance.json"},{"rel":"delete","href":"https://us1.api.mailchimp.com/3.0/ecommerce/stores/dummy-store-id/customers/1-test-order-synchronizer-at-friendsoftheweb.org","method":"DELETE"}]},"campaign_id":"","financial_status":"","fulfillment_status":"","currency_code":"USD","order_total":25,"tax_total":0,"shipping_total":15,"tracking_code":"","processed_at_foreign":"2016-05-05T05:10:10+00:00","cancelled_at_foreign":"","updated_at_foreign":"","lines":[{"id":"1","product_id":"1","product_title":"PRODUCT
        NAME","product_variant_id":"1","product_variant_title":"Product #1 - 9225","quantity":1,"price":10,"_links":[{"rel":"self","href":"https://us1.api.mailchimp.com/3.0/ecommerce/stores/dummy-store-id/orders/1/lines/1","method":"GET","targetSchema":"https://us1.api.mailchimp.com/schema/3.0/Ecommerce/Stores/Orders/Lines/Instance.json"},{"rel":"parent","href":"https://us1.api.mailchimp.com/3.0/ecommerce/stores/dummy-store-id/orders/1","method":"GET","targetSchema":"https://us1.api.mailchimp.com/schema/3.0/Ecommerce/Stores/Orders/Collection.json"},{"rel":"update","href":"https://us1.api.mailchimp.com/3.0/ecommerce/stores/dummy-store-id/orders/1/lines/1","method":"PATCH","schema":"https://us1.api.mailchimp.com/schema/3.0/Ecommerce/Stores/Orders/Lines/Instance.json"},{"rel":"delete","href":"https://us1.api.mailchimp.com/3.0/ecommerce/stores/dummy-store-id/orders/1/lines/1","method":"DELETE"}]}],"_links":[{"rel":"self","href":"https://us1.api.mailchimp.com/3.0/ecommerce/stores/dummy-store-id/orders/1","method":"GET","targetSchema":"https://us1.api.mailchimp.com/schema/3.0/Ecommerce/Stores/Orders/Instance.json"},{"rel":"parent","href":"https://us1.api.mailchimp.com/3.0/ecommerce/stores/dummy-store-id/orders","method":"GET","targetSchema":"https://us1.api.mailchimp.com/schema/3.0/Ecommerce/Stores/Orders/Collection.json"},{"rel":"update","href":"https://us1.api.mailchimp.com/3.0/ecommerce/stores/dummy-store-id/orders/1","method":"PATCH","schema":"https://us1.api.mailchimp.com/schema/3.0/Ecommerce/Stores/Orders/Instance.json"},{"rel":"delete","href":"https://us1.api.mailchimp.com/3.0/ecommerce/stores/dummy-store-id/orders/1","method":"DELETE"}]}'
  recorded_at: Mon, 15 Aug 2016 19:11:40 GMT
- request:
    method: get
    uri: https://us1.api.mailchimp.com/3.0/ecommerce/stores/dummy-store-id/orders/1
    body:
      encoding: US-ASCII
      string: ''
    headers:
      Authorization:
      - Basic <OMITTED AUTH HEADER>
      Connection:
      - close
      Host:
      - us1.api.mailchimp.com
      User-Agent:
      - http.rb/2.0.3
  response:
    status:
      code: 200
      message: OK
    headers:
      Server:
      - nginx
      Content-Type:
      - application/json; charset=utf-8
      Content-Length:
      - '3607'
      Vary:
      - Accept-Encoding
      X-Request-Id:
      - 2f66d993-01fa-454d-9e95-4e34fb92b636
      Link:
      - <https://us1.api.mailchimp.com/schema/3.0/Ecommerce/Stores/Orders/Instance.json>;
        rel="describedBy"
      Date:
      - Mon, 15 Aug 2016 19:11:40 GMT
      Connection:
      - close
      Set-Cookie:
      - _AVESTA_ENVIRONMENT=prod; path=/
    body:
      encoding: UTF-8
      string: '{"id":"1","customer":{"id":"1-test-order-synchronizer-at-friendsoftheweb.org","email_address":"test-order-synchronizer@friendsoftheweb.org","opt_in_status":false,"company":"","first_name":"","last_name":"","orders_count":0,"total_spent":0,"address":{"address1":"","address2":"","city":"","province":"","province_code":"","postal_code":"","country":"","country_code":""},"created_at":"2016-08-15T19:11:39+00:00","updated_at":"2016-08-15T19:11:39+00:00","_links":[{"rel":"self","href":"https://us1.api.mailchimp.com/3.0/ecommerce/stores/dummy-store-id/customers/1-test-order-synchronizer-at-friendsoftheweb.org","method":"GET","targetSchema":"https://us1.api.mailchimp.com/schema/3.0/Ecommerce/Stores/Customers/Instance.json"},{"rel":"parent","href":"https://us1.api.mailchimp.com/3.0/ecommerce/stores/dummy-store-id/customers","method":"GET","targetSchema":"https://us1.api.mailchimp.com/schema/3.0/Ecommerce/Stores/Customers/Collection.json"},{"rel":"update","href":"https://us1.api.mailchimp.com/3.0/ecommerce/stores/dummy-store-id/customers/1-test-order-synchronizer-at-friendsoftheweb.org","method":"PATCH","schema":"https://us1.api.mailchimp.com/schema/3.0/Ecommerce/Stores/Customers/Instance.json"},{"rel":"upsert","href":"https://us1.api.mailchimp.com/3.0/ecommerce/stores/dummy-store-id/customers/1-test-order-synchronizer-at-friendsoftheweb.org","method":"PUT","schema":"https://us1.api.mailchimp.com/schema/3.0/Ecommerce/Stores/Customers/Instance.json"},{"rel":"delete","href":"https://us1.api.mailchimp.com/3.0/ecommerce/stores/dummy-store-id/customers/1-test-order-synchronizer-at-friendsoftheweb.org","method":"DELETE"}]},"campaign_id":"","financial_status":"","fulfillment_status":"","currency_code":"USD","order_total":25,"tax_total":0,"shipping_total":15,"tracking_code":"","processed_at_foreign":"2016-05-05T05:10:10+00:00","cancelled_at_foreign":"","updated_at_foreign":"","lines":[{"id":"1","product_id":"1","product_title":"PRODUCT
        NAME","product_variant_id":"1","product_variant_title":"Product #1 - 9225","quantity":1,"price":10,"_links":[{"rel":"self","href":"https://us1.api.mailchimp.com/3.0/ecommerce/stores/dummy-store-id/orders/1/lines/1","method":"GET","targetSchema":"https://us1.api.mailchimp.com/schema/3.0/Ecommerce/Stores/Orders/Lines/Instance.json"},{"rel":"parent","href":"https://us1.api.mailchimp.com/3.0/ecommerce/stores/dummy-store-id/orders/1","method":"GET","targetSchema":"https://us1.api.mailchimp.com/schema/3.0/Ecommerce/Stores/Orders/Collection.json"},{"rel":"update","href":"https://us1.api.mailchimp.com/3.0/ecommerce/stores/dummy-store-id/orders/1/lines/1","method":"PATCH","schema":"https://us1.api.mailchimp.com/schema/3.0/Ecommerce/Stores/Orders/Lines/Instance.json"},{"rel":"delete","href":"https://us1.api.mailchimp.com/3.0/ecommerce/stores/dummy-store-id/orders/1/lines/1","method":"DELETE"}]}],"_links":[{"rel":"self","href":"https://us1.api.mailchimp.com/3.0/ecommerce/stores/dummy-store-id/orders/1","method":"GET","targetSchema":"https://us1.api.mailchimp.com/schema/3.0/Ecommerce/Stores/Orders/Instance.json"},{"rel":"parent","href":"https://us1.api.mailchimp.com/3.0/ecommerce/stores/dummy-store-id/orders","method":"GET","targetSchema":"https://us1.api.mailchimp.com/schema/3.0/Ecommerce/Stores/Orders/Collection.json"},{"rel":"update","href":"https://us1.api.mailchimp.com/3.0/ecommerce/stores/dummy-store-id/orders/1","method":"PATCH","schema":"https://us1.api.mailchimp.com/schema/3.0/Ecommerce/Stores/Orders/Instance.json"},{"rel":"delete","href":"https://us1.api.mailchimp.com/3.0/ecommerce/stores/dummy-store-id/orders/1","method":"DELETE"}]}'
  recorded_at: Mon, 15 Aug 2016 19:11:40 GMT
- request:
    method: delete
    uri: https://us1.api.mailchimp.com/3.0/ecommerce/stores/dummy-store-id/carts/1
    body:
      encoding: US-ASCII
      string: ''
    headers:
      Authorization:
      - Basic <OMITTED AUTH HEADER>
      Connection:
      - close
      Host:
      - us1.api.mailchimp.com
      User-Agent:
      - http.rb/2.0.3
  response:
    status:
      code: 404
      message: Not Found
    headers:
      Server:
      - nginx
      Content-Type:
      - application/problem+json; charset=utf-8
      Content-Length:
      - '198'
      X-Request-Id:
      - f169f12e-bbc2-4e1c-83b7-4233f755c634
      Link:
      - <https://us1.api.mailchimp.com/schema/3.0/ProblemDetailDocument.json>; rel="describedBy"
      Date:
      - Mon, 15 Aug 2016 19:11:40 GMT
      Connection:
      - close
      Set-Cookie:
      - _AVESTA_ENVIRONMENT=prod; path=/
    body:
      encoding: UTF-8
      string: '{"type":"http://developer.mailchimp.com/documentation/mailchimp/guides/error-glossary/","title":"Resource
        Not Found","status":404,"detail":"The requested resource could not be found.","instance":""}'
  recorded_at: Mon, 15 Aug 2016 19:11:40 GMT
- request:
    method: delete
    uri: https://us1.api.mailchimp.com/3.0/ecommerce/stores/dummy-store-id/orders/1
    body:
      encoding: US-ASCII
      string: ''
    headers:
      Authorization:
      - Basic <OMITTED AUTH HEADER>
      Connection:
      - close
      Host:
      - us1.api.mailchimp.com
      User-Agent:
      - http.rb/2.0.3
  response:
    status:
      code: 204
      message: No Content
    headers:
      Server:
      - nginx
      Content-Type:
      - application/json; charset=utf-8
      Content-Length:
      - '0'
      X-Request-Id:
      - 44336ead-425b-4f4c-814f-c168231051ed
      Date:
      - Mon, 15 Aug 2016 19:11:40 GMT
      Connection:
      - close
      Set-Cookie:
      - _AVESTA_ENVIRONMENT=prod; path=/
    body:
      encoding: UTF-8
      string: ''
  recorded_at: Mon, 15 Aug 2016 19:11:40 GMT
- request:
    method: delete
    uri: https://us1.api.mailchimp.com/3.0/ecommerce/stores/dummy-store-id/customers/1-test-order-synchronizer-at-friendsoftheweb.org
    body:
      encoding: US-ASCII
      string: ''
    headers:
      Authorization:
      - Basic <OMITTED AUTH HEADER>
      Connection:
      - close
      Host:
      - us1.api.mailchimp.com
      User-Agent:
      - http.rb/2.0.3
  response:
    status:
      code: 204
      message: No Content
    headers:
      Server:
      - nginx
      Content-Type:
      - application/json; charset=utf-8
      Content-Length:
      - '0'
      X-Request-Id:
      - b6131170-76d7-4ccc-b0d0-ce5e0da153d3
      Date:
      - Mon, 15 Aug 2016 19:11:40 GMT
      Connection:
      - close
      Set-Cookie:
      - _AVESTA_ENVIRONMENT=prod; path=/
    body:
      encoding: UTF-8
      string: ''
  recorded_at: Mon, 15 Aug 2016 19:11:40 GMT
- request:
    method: put
    uri: https://us1.api.mailchimp.com/3.0//ecommerce/stores/dummy-store-id//products/1/variants/1
    body:
      encoding: UTF-8
      string: '{"id":"1","title":"Product #11 - 3491","sku":"SKU-12","price":19.99,"visibility":"true"}'
    headers:
      Authorization:
      - Basic <OMITTED AUTH HEADER>
      Connection:
      - close
      Content-Type:
      - application/json; charset=UTF-8
      Host:
      - us1.api.mailchimp.com
      User-Agent:
      - http.rb/2.2.2
  response:
    status:
      code: 403
      message: Forbidden
    headers:
      Content-Type:
      - application/problem+json; charset=utf-8
      X-Spanid:
      - a8aaa3fc-ce42-cdc2-0b24-6f423d2c9ac7
      X-Amzn-Trace-Id:
      - Root=1-679ecc98-4b68d90f140878d0760bc98b
      Link:
      - <https://us1.api.mailchimp.com/schema/3.0/Definitions/ProblemDetailDocument.json>;
        rel="describedBy"
      Server:
      - istio-envoy
      Vary:
      - Accept-Encoding
      X-Envoy-Upstream-Service-Time:
      - '98'
      X-Envoy-Decorator-Operation:
      - http-interposer-desired-service.mailchimp-cloud-httpinterposer-use2-prd-m2.svc.cluster.local:8090/*
      Strict-Transport-Security:
      - max-age=31536000
      Intuit-Tid:
      - 1-679ecc98-4b68d90f140878d0760bc98b
      X-Request-Id:
      - 1-679ecc98-4b68d90f140878d0760bc98b
      Date:
      - Sun, 02 Feb 2025 01:38:33 GMT
      Connection:
      - close
      Akamai-Grn:
      - 0.c8784017.1738460312.2ebe02f
    body:
      encoding: UTF-8
      string: '{"type":"https://mailchimp.com/developer/marketing/docs/errors/","title":"Forbidden","status":403,"detail":"The
        API key provided is linked to datacenter ''api''","instance":"8583eafa-d5cf-4c32-6c15-671074205350"}'
  recorded_at: Sun, 02 Feb 2025 01:38:32 GMT
- request:
    method: delete
    uri: https://us1.api.mailchimp.com/3.0//ecommerce/stores/dummy-store-id//carts/1
    body:
      encoding: US-ASCII
      string: ''
    headers:
      Authorization:
      - Basic <OMITTED AUTH HEADER>
      Connection:
      - close
      Host:
      - us1.api.mailchimp.com
      User-Agent:
      - http.rb/2.2.2
  response:
    status:
      code: 403
      message: Forbidden
    headers:
      Content-Type:
      - application/problem+json; charset=utf-8
      X-Spanid:
      - 3bfcec19-846c-3568-5dd4-ba71497e95b7
      X-Amzn-Trace-Id:
      - Root=1-679ecc99-635e66ea4e1bb7255aca33bb
      Link:
      - <https://us1.api.mailchimp.com/schema/3.0/Definitions/ProblemDetailDocument.json>;
        rel="describedBy"
      Server:
      - istio-envoy
      Vary:
      - Accept-Encoding
      X-Envoy-Upstream-Service-Time:
      - '84'
      X-Envoy-Decorator-Operation:
      - http-interposer-desired-service.mailchimp-cloud-httpinterposer-use2-prd-m2.svc.cluster.local:8090/*
      Strict-Transport-Security:
      - max-age=31536000
      Intuit-Tid:
      - 1-679ecc99-635e66ea4e1bb7255aca33bb
      X-Request-Id:
      - 1-679ecc99-635e66ea4e1bb7255aca33bb
      Date:
      - Sun, 02 Feb 2025 01:38:33 GMT
      Connection:
      - close
      Akamai-Grn:
      - 0.c8784017.1738460313.2ebe13b
    body:
      encoding: UTF-8
      string: '{"type":"https://mailchimp.com/developer/marketing/docs/errors/","title":"Forbidden","status":403,"detail":"The
        API key provided is linked to datacenter ''api''","instance":"cb76c1d8-e3bc-cb87-1acf-5b39ff9a08d3"}'
  recorded_at: Sun, 02 Feb 2025 01:38:33 GMT
recorded_with: VCR 6.3.1
