---
http_interactions:
- request:
    method: delete
    uri: https://us1.api.mailchimp.com/3.0/ecommerce/stores/dummy-store-id/products/1
    body:
      encoding: US-ASCII
      string: ''
    headers:
      Authorization:
      - Basic <OMITTED AUTH HEADER>
      Connection:
      - close
      Host:
      - us1.api.mailchimp.com
      User-Agent:
      - http.rb/2.0.3
  response:
    status:
      code: 204
      message: No Content
    headers:
      Server:
      - nginx
      Content-Type:
      - application/json; charset=utf-8
      Content-Length:
      - '0'
      X-Request-Id:
      - f16179cd-5e98-466a-9b34-c75e4f497389
      Date:
      - Fri, 05 Aug 2016 16:05:09 GMT
      Connection:
      - close
      Set-Cookie:
      - _AVESTA_ENVIRONMENT=prod; path=/
    body:
      encoding: UTF-8
      string: ''
  recorded_at: Fri, 05 Aug 2016 16:05:09 GMT
- request:
    method: post
    uri: https://us1.api.mailchimp.com/3.0/ecommerce/stores/dummy-store-id/products
    body:
      encoding: UTF-8
      string: '{"id":"1","handle":"product-2-1946","title":"Product #2 - 1946","description":"As
        seen on TV!","variants":[{"id":"1","title":"Product #2 - 1946","sku":"SKU-3","price":19.99,"visibility":"false","url":"http://www.example.com/products/product-2-1946"}],"url":"http://www.example.com/products/product-2-1946"}'
    headers:
      Authorization:
      - Basic <OMITTED AUTH HEADER>
      Connection:
      - close
      Content-Type:
      - application/json; charset=UTF-8
      Host:
      - us1.api.mailchimp.com
      User-Agent:
      - http.rb/2.0.3
  response:
    status:
      code: 200
      message: OK
    headers:
      Server:
      - nginx
      Content-Type:
      - application/json; charset=utf-8
      Content-Length:
      - '2360'
      Vary:
      - Accept-Encoding
      X-Request-Id:
      - eb5dce31-fbd5-4ffb-a4c9-0061e9073f56
      Link:
      - <https://us1.api.mailchimp.com/schema/3.0/Ecommerce/Stores/Products/Instance.json>;
        rel="describedBy"
      Date:
      - Fri, 05 Aug 2016 16:05:09 GMT
      Connection:
      - close
      Set-Cookie:
      - _AVESTA_ENVIRONMENT=prod; path=/
    body:
      encoding: UTF-8
      string: '{"id":"1","title":"Product #2 - 1946","handle":"product-2-1946","url":"http://www.example.com/products/product-2-1946","description":"As
        seen on TV!","type":"","vendor":"","image_url":"","variants":[{"id":"1","title":"Product
        #2 - 1946","url":"http://www.example.com/products/product-2-1946","sku":"SKU-3","price":19.99,"inventory_quantity":0,"image_url":"","backorders":"","visibility":"false","created_at":"2016-08-05T16:05:09+00:00","updated_at":"2016-08-05T16:05:09+00:00","_links":[{"rel":"self","href":"https://us1.api.mailchimp.com/3.0/ecommerce/stores/dummy-store-id/products/1/variants/1","method":"GET","targetSchema":"https://us1.api.mailchimp.com/schema/3.0/Ecommerce/Stores/Products/Variants/Instance.json"},{"rel":"parent","href":"https://us1.api.mailchimp.com/3.0/ecommerce/stores/dummy-store-id/products/1","method":"GET","targetSchema":"https://us1.api.mailchimp.com/schema/3.0/Ecommerce/Stores/Products/Collection.json"},{"rel":"update","href":"https://us1.api.mailchimp.com/3.0/ecommerce/stores/dummy-store-id/products/1/variants/1","method":"PATCH","schema":"https://us1.api.mailchimp.com/schema/3.0/Ecommerce/Stores/Products/Variants/Instance.json"},{"rel":"upsert","href":"https://us1.api.mailchimp.com/3.0/ecommerce/stores/dummy-store-id/products/1/variants/1","method":"PUT","schema":"https://us1.api.mailchimp.com/schema/3.0/Ecommerce/Stores/Products/Variants/Instance.json"},{"rel":"delete","href":"https://us1.api.mailchimp.com/3.0/ecommerce/stores/dummy-store-id/products/1/variants/1","method":"DELETE"}]}],"published_at_foreign":"","_links":[{"rel":"self","href":"https://us1.api.mailchimp.com/3.0/ecommerce/stores/dummy-store-id/products/1","method":"GET","targetSchema":"https://us1.api.mailchimp.com/schema/3.0/Ecommerce/Stores/Products/Instance.json"},{"rel":"parent","href":"https://us1.api.mailchimp.com/3.0/ecommerce/stores/dummy-store-id/products","method":"GET","targetSchema":"https://us1.api.mailchimp.com/schema/3.0/Ecommerce/Stores/Products/Collection.json"},{"rel":"delete","href":"https://us1.api.mailchimp.com/3.0/ecommerce/stores/dummy-store-id/products/1","method":"DELETE"},{"rel":"variants","href":"https://us1.api.mailchimp.com/3.0/ecommerce/stores/dummy-store-id/products/1/variants","method":"GET","targetSchema":"https://us1.api.mailchimp.com/schema/3.0/Ecommerce/Stores/Products/Variants/Collection.json"}]}'
  recorded_at: Fri, 05 Aug 2016 16:05:09 GMT
- request:
    method: delete
    uri: https://us1.api.mailchimp.com/3.0//ecommerce/stores/dummy-store-id//products/1
    body:
      encoding: US-ASCII
      string: ''
    headers:
      Authorization:
      - Basic <OMITTED AUTH HEADER>
      Connection:
      - close
      Host:
      - us1.api.mailchimp.com
      User-Agent:
      - http.rb/2.2.2
  response:
    status:
      code: 403
      message: Forbidden
    headers:
      Content-Type:
      - application/problem+json; charset=utf-8
      X-Spanid:
      - 240dcd47-ada7-6156-5822-c47d35ae6ff6
      X-Amzn-Trace-Id:
      - Root=1-679eccc3-5eeb9d697a0da844741b2182
      Link:
      - <https://us1.api.mailchimp.com/schema/3.0/Definitions/ProblemDetailDocument.json>;
        rel="describedBy"
      Server:
      - istio-envoy
      Vary:
      - Accept-Encoding
      X-Envoy-Upstream-Service-Time:
      - '82'
      X-Envoy-Decorator-Operation:
      - http-interposer-desired-service.mailchimp-cloud-httpinterposer-use2-prd-m2.svc.cluster.local:8090/*
      Strict-Transport-Security:
      - max-age=31536000
      Intuit-Tid:
      - 1-679eccc3-5eeb9d697a0da844741b2182
      X-Request-Id:
      - 1-679eccc3-5eeb9d697a0da844741b2182
      Date:
      - Sun, 02 Feb 2025 01:39:15 GMT
      Connection:
      - close
      Akamai-Grn:
      - 0.c8784017.1738460355.2ec1d44
    body:
      encoding: UTF-8
      string: '{"type":"https://mailchimp.com/developer/marketing/docs/errors/","title":"Forbidden","status":403,"detail":"The
        API key provided is linked to datacenter ''api''","instance":"fa62a6da-6702-4b41-8514-ea93e34c6a83"}'
  recorded_at: Sun, 02 Feb 2025 01:39:15 GMT
recorded_with: VCR 6.3.1
